eeschema (2013-07-07 BZR 4022)-stable  >> Creation date: 9/22/2015 7:26:33 PM
#Cmp ( order = Reference )
| C1         0.1uF       
| C2         0.1uF       
| C3         10NF        
| C4         C           
| C5         2.2uF       
| C6         C           
| C7         0.1uF       
| C8         18pF        
| C9         18pF        
| D1         LED         
| D2         LED         
| IC1        ATMEGA328-A 
| K1         CONN_3      
| K2         CONN_3      
| K3         CONN_3      
| K4         CONN_3      
| K5         CONN_3      
| P1         ICSP        
| P2         USB         
| R1         100K        
| R2         4k7         
| R3         4k7         
| R4         10K         
| R5         576         
| R6         330R        
| R7         10k         
| SW1        SW_PUSH     
| U1         MPU-9250    
| U2         EDISON_CONNECTOR_FULLSOCKET_DF40-XC-(X.X)-70DS-0.4V(51)
| U3         TXB0108PWR  
| U4         MIC2039     
| U5         LM1084IS-3.3/NOPB
| X1         CRYSTAL     
#End Cmp

#Cmp ( order = Value )
| 18pF         C8        
| 18pF         C9        
| 0.1uF        C1        
| 0.1uF        C2        
| 0.1uF        C7        
| 2.2uF        C5        
| 10NF         C3        
| C            C4        
| C            C6        
| LED          D1        
| LED          D2        
| ATMEGA328-A  IC1       
| CONN_3       K1        
| CONN_3       K2        
| CONN_3       K3        
| CONN_3       K4        
| CONN_3       K5        
| ICSP         P1        
| USB          P2        
| 330R         R6        
| 576          R5        
| 4k7          R2        
| 4k7          R3        
| 10K          R4        
| 10k          R7        
| 100K         R1        
| SW_PUSH      SW1       
| EDISON_CONNECTOR_FULLSOCKET_DF40-XC-(X.X)-70DS-0.4V(51) U2        
| MIC2039      U4        
| MPU-9250     U1        
| LM1084IS-3.3/NOPB U5        
| TXB0108PWR   U3        
| CRYSTAL      X1        
#End Cmp

#End List
